<html>
<body>
<pre>
<h1>µVision Build Log</h1>
<h2>Tool Versions:</h2>
IDE-Version: ¦ÌVision V5.15
Copyright (C) 2015 ARM Ltd and ARM Germany GmbH. All rights reserved.
License Information: adf user1, Microsoft, LIC=Q7GVE-5TFXU-QI75M-X0KIF-WGZ9V-FS716
 
Tool Versions:
Toolchain:       MDK-ARM Professional  Version: 5.15.0
Toolchain Path:  C:\Keil_v5\ARM\ARMCC\Bin
C Compiler:      Armcc.exe V5.05 update 2 (build 169)
Assembler:       Armasm.exe V5.05 update 2 (build 169)
Linker/Locator:  ArmLink.exe V5.05 update 2 (build 169)
Library Manager: ArmAr.exe V5.05 update 2 (build 169)
Hex Converter:   FromElf.exe V5.05 update 2 (build 169)
CPU DLL:         SARMCM3.DLL V5.15.0
Dialog DLL:      DARMCM1.DLL V1.12.0.0
Target DLL:      STLink\ST-LINKIII-KEIL_SWO.dll V2.0.15.0_KEIL
Dialog DLL:      TARMCM1.DLL V1.9.0.0
 
<h2>Project:</h2>
M:\HC\Play\Firmware\Player\MDK-ARM\PLAYER.uvprojx
Project File Date:  05/05/2017

<h2>Output:</h2>
*** Using Compiler 'V5.05 update 2 (build 169)', folder: 'C:\Keil_v5\ARM\ARMCC\Bin'
Build target 'PLAYER'
compiling stm32f0xx_hal_rcc.c...
compiling stm32f0xx_hal_flash.c...
compiling stm32f0xx_hal_dma.c...
compiling stm32f0xx_hal_cortex.c...
compiling stm32f0xx_hal.c...
compiling stm32f0xx_hal_flash_ex.c...
compiling stm32f0xx_hal_tim.c...
compiling stm32f0xx_hal_pwr_ex.c...
compiling stm32f0xx_hal_uart.c...
compiling stm32f0xx_hal_rcc_ex.c...
compiling stm32f0xx_hal_pwr.c...
compiling stm32f0xx_hal_uart_ex.c...
compiling stm32f0xx_hal_i2c_ex.c...
compiling stm32f0xx_hal_i2c.c...
compiling stm32f0xx_hal_tim_ex.c...
compiling stm32f0xx_hal_gpio.c...
compiling stm32f0xx_hal_adc.c...
compiling stm32f0xx_hal_adc_ex.c...
compiling stm32f0xx_hal_iwdg.c...
assembling startup_stm32f030x8.s...
compiling stm32f0xx_it.c...
compiling stm32f0xx_hal_msp.c...
compiling main.c...
../Src/main.c(463): warning:  #550-D: variable "speed_mode" was set but never used
        uint32_t speed_mode=0;
../Src/main.c(464): warning:  #177-D: variable "count" was declared but never referenced
        static uint32_t count=0;
../Src/main.c(465): warning:  #177-D: variable "pre_TurnRight" was declared but never referenced
        static uint32_t pre_NearLight=0,pre_TurnRight=0,pre_TurnLeft=0,pre_LRFlash=0,pre_Braked=0;
../Src/main.c(465): warning:  #177-D: variable "pre_TurnLeft" was declared but never referenced
        static uint32_t pre_NearLight=0,pre_TurnRight=0,pre_TurnLeft=0,pre_LRFlash=0,pre_Braked=0;
../Src/main.c(675): warning:  #177-D: variable "i" was declared but never referenced
        uint32_t i;
../Src/main.c(676): warning:  #177-D: variable "GPIO_InitStruct" was declared but never referenced
    GPIO_InitTypeDef GPIO_InitStruct;
../Src/main.c(713): warning:  #177-D: variable "index" was declared but never referenced
        static uint32_t index =0;
../Src/main.c(719): warning:  #177-D: variable "dat" was declared but never referenced
        uint8_t dat;
../Src/main.c(798): warning:  #177-D: variable "i" was declared but never referenced
        uint8_t len,i;
../Src/main.c(799): warning:  #177-D: variable "fm_search" was declared but never referenced
        static uint16_t fm_freq_index=0,fm_search=0;
../Src/main.c(1185): warning:  #177-D: function "MX_TIM3_Init" was declared but never referenced
  static void MX_TIM3_Init(void)
../Src/main.c(1301): warning:  #177-D: function "MX_USART2_UART_Init" was declared but never referenced
  static void MX_USART2_UART_Init(void)
../Src/main.c(1170): warning:  #177-D: function "MX_IWDG_Init" was declared but never referenced
  static void MX_IWDG_Init(void)
../Src/main.c(165): warning:  #177-D: function "IWDG_Config" was declared but never referenced
  static void IWDG_Config(void)
../Src/main.c: 14 warnings, 0 errors
compiling bl55077.c...
compiling display_8807GCT.c...
compiling yxt.c...
compiling pcf8563.c...
..\Src\pcf8563.c(68): warning:  #177-D: variable "ReData" was declared but never referenced
        unsigned char ReData;
..\Src\pcf8563.c(94): warning:  #177-D: variable "test_value" was declared but never referenced
        unsigned char test_value = 0;
..\Src\pcf8563.c(402): warning:  #177-D: variable "buf" was declared but never referenced
                unsigned char buf[2];
..\Src\pcf8563.c: 3 warnings, 0 errors
compiling system_stm32f0xx.c...
linking...
Program Size: Code=20288 RO-data=544 RW-data=140 ZI-data=2028  
FromELF: creating hex file...
"PLAYER\PLAYER.axf" - 0 Error(s), 17 Warning(s).

<h2>Software Packages used:</h2>

Package Vendor: ARM
                http://www.keil.com/pack/ARM.CMSIS.5.0.0-Beta4.pack
                ARM::CMSIS:CORE:5.0.0
                CMSIS (Cortex Microcontroller Software Interface Standard)
   * Component: CORE Version: 5.0.0

<h2>Collection of Component include folders:</h2>
  M:\HC\Play\Firmware\Player\MDK-ARM\RTE
  C:\Keil_v5\ARM\PACK\ARM\CMSIS\5.0.0-Beta4\CMSIS\Include
  C:\Keil_v5\ARM\PACK\Keil\STM32F0xx_DFP\1.5.0\Device\Include

<h2>Collection of Component Files used:</h2>

   * Component: ARM::CMSIS:CORE:5.0.0
</pre>
</body>
</html>
