<html>
<body>
<pre>
<h1>µVision Build Log</h1>
<h2>Tool Versions:</h2>
IDE-Version: ¦ÌVision V5.15
Copyright (C) 2015 ARM Ltd and ARM Germany GmbH. All rights reserved.
License Information: dfg afds, afdsf, LIC=YA3Y8-3HW2U-T3RMI-T03NW-9TM5P-S63ZG
 
Tool Versions:
Toolchain:       MDK-ARM Standard  Version: 5.15.0
Toolchain Path:  C:\Keil_v5\ARM\ARMCC\Bin
C Compiler:      Armcc.exe V5.05 update 2 (build 169)
Assembler:       Armasm.exe V5.05 update 2 (build 169)
Linker/Locator:  ArmLink.exe V5.05 update 2 (build 169)
Library Manager: ArmAr.exe V5.05 update 2 (build 169)
Hex Converter:   FromElf.exe V5.05 update 2 (build 169)
CPU DLL:         SARMCM3.DLL V5.15.0
Dialog DLL:      DARMCM1.DLL V1.12.0.0
Target DLL:      STLink\ST-LINKIII-KEIL_SWO.dll V2.0.15.0_KEIL
Dialog DLL:      TARMCM1.DLL V1.9.0.0
 
<h2>Project:</h2>
D:\Work\hc\Player\Firmware\Player\MDK-ARM\PLAYER.uvprojx
Project File Date:  06/11/2017

<h2>Output:</h2>
*** Using Compiler 'V5.05 update 2 (build 169)', folder: 'C:\Keil_v5\ARM\ARMCC\Bin'
Build target 'PLAYER'
compiling main.c...
../Src/main.c(483): warning:  #550-D: variable "speed_mode" was set but never used
        uint32_t speed_mode=0;
../Src/main.c(484): warning:  #177-D: variable "count" was declared but never referenced
        static uint32_t count=0;
../Src/main.c(485): warning:  #177-D: variable "pre_TurnRight" was declared but never referenced
        static uint32_t pre_NearLight=0,pre_TurnRight=0,pre_TurnLeft=0,pre_LRFlash=0,pre_Braked=0;
../Src/main.c(485): warning:  #177-D: variable "pre_TurnLeft" was declared but never referenced
        static uint32_t pre_NearLight=0,pre_TurnRight=0,pre_TurnLeft=0,pre_LRFlash=0,pre_Braked=0;
../Src/main.c(703): warning:  #177-D: variable "i" was declared but never referenced
        uint32_t i;
../Src/main.c(704): warning:  #177-D: variable "GPIO_InitStruct" was declared but never referenced
    GPIO_InitTypeDef GPIO_InitStruct;
../Src/main.c(741): warning:  #177-D: variable "index" was declared but never referenced
        static uint32_t index =0;
../Src/main.c(747): warning:  #177-D: variable "dat" was declared but never referenced
        uint8_t dat;
../Src/main.c(826): warning:  #177-D: variable "i" was declared but never referenced
        uint8_t len,i;
../Src/main.c(827): warning:  #177-D: variable "fm_search" was declared but never referenced
        static uint16_t fm_freq_index=0,fm_search=0;
../Src/main.c(1214): warning:  #177-D: function "MX_TIM3_Init" was declared but never referenced
  static void MX_TIM3_Init(void)
../Src/main.c(1330): warning:  #177-D: function "MX_USART2_UART_Init" was declared but never referenced
  static void MX_USART2_UART_Init(void)
../Src/main.c(1199): warning:  #177-D: function "MX_IWDG_Init" was declared but never referenced
  static void MX_IWDG_Init(void)
../Src/main.c(166): warning:  #177-D: function "IWDG_Config" was declared but never referenced
  static void IWDG_Config(void)
../Src/main.c: 14 warnings, 0 errors
compiling bl55077.c...
compiling display_8807GCT.c...
compiling yxt.c...
linking...
Program Size: Code=20408 RO-data=560 RW-data=144 ZI-data=2024  
FromELF: creating hex file...
"PLAYER\PLAYER.axf" - 0 Error(s), 14 Warning(s).

<h2>Software Packages used:</h2>

Package Vendor: ARM
                http://www.keil.com/pack/ARM.CMSIS.5.0.1.pack
                ARM::CMSIS:CORE:5.0.1
                CMSIS (Cortex Microcontroller Software Interface Standard)
   * Component: CORE Version: 5.0.1

<h2>Collection of Component include folders:</h2>
  D:\Work\hc\Player\Firmware\Player\MDK-ARM\RTE
  C:\Keil_v5\ARM\PACK\ARM\CMSIS\5.0.1\CMSIS\Include
  C:\Keil_v5\ARM\PACK\Keil\STM32F0xx_DFP\1.5.0\Device\Include

<h2>Collection of Component Files used:</h2>

   * Component: ARM::CMSIS:CORE:5.0.1
</pre>
</body>
</html>
