<html>
<body>
<pre>
<h1>µVision Build Log</h1>
<h2>Tool Versions:</h2>
IDE-Version: ¦ÌVision V5.15
Copyright (C) 2015 ARM Ltd and ARM Germany GmbH. All rights reserved.
License Information: adf user1, Microsoft, LIC=Q7GVE-5TFXU-QI75M-X0KIF-WGZ9V-FS716
 
Tool Versions:
Toolchain:       MDK-ARM Professional  Version: 5.15.0
Toolchain Path:  C:\Keil_v5\ARM\ARMCC\Bin
C Compiler:      Armcc.exe V5.05 update 2 (build 169)
Assembler:       Armasm.exe V5.05 update 2 (build 169)
Linker/Locator:  ArmLink.exe V5.05 update 2 (build 169)
Library Manager: ArmAr.exe V5.05 update 2 (build 169)
Hex Converter:   FromElf.exe V5.05 update 2 (build 169)
CPU DLL:         SARMCM3.DLL V5.15.0
Dialog DLL:      DARMCM1.DLL V1.12.0.0
Target DLL:      STLink\ST-LINKIII-KEIL_SWO.dll V2.0.15.0_KEIL
Dialog DLL:      TARMCM1.DLL V1.9.0.0
 
<h2>Project:</h2>
M:\HC\Play\Firmware\Player\MDK-ARM\PLAYER.uvprojx
Project File Date:  10/17/2017

<h2>Output:</h2>
*** Using Compiler 'V5.05 update 2 (build 169)', folder: 'C:\Keil_v5\ARM\ARMCC\Bin'
Build target 'PLAYER'
compiling main.c...
../Src/main.c(550): warning:  #550-D: variable "speed_mode" was set but never used
        uint32_t speed_mode=0;
../Src/main.c(551): warning:  #177-D: variable "count" was declared but never referenced
        static uint32_t count=0;
../Src/main.c(552): warning:  #177-D: variable "pre_TurnRight" was declared but never referenced
        static uint32_t pre_NearLight=0,pre_TurnRight=0,pre_TurnLeft=0,pre_LRFlash=0,pre_Braked=0;
../Src/main.c(552): warning:  #177-D: variable "pre_TurnLeft" was declared but never referenced
        static uint32_t pre_NearLight=0,pre_TurnRight=0,pre_TurnLeft=0,pre_LRFlash=0,pre_Braked=0;
../Src/main.c(748): warning:  #177-D: variable "stbuf" was declared but never referenced
        uint8_t* stbuf;
../Src/main.c(749): warning:  #177-D: variable "cmd_buf" was declared but never referenced
        uint8_t cmd_buf[16];
../Src/main.c(750): warning:  #177-D: variable "i" was declared but never referenced
        uint8_t len,i;
../Src/main.c(751): warning:  #177-D: variable "freq" was declared but never referenced
        uint16_t freq;
../Src/main.c(752): warning:  #177-D: variable "fm_freq_index" was declared but never referenced
        static uint16_t fm_freq_index=0,fm_search=0;
../Src/main.c(752): warning:  #177-D: variable "fm_search" was declared but never referenced
        static uint16_t fm_freq_index=0,fm_search=0;
../Src/main.c(753): warning:  #177-D: variable "head" was declared but never referenced
        static uint8_t head=0;
../Src/main.c(784): warning:  #177-D: variable "i" was declared but never referenced
        uint32_t i;
../Src/main.c(785): warning:  #177-D: variable "GPIO_InitStruct" was declared but never referenced
    GPIO_InitTypeDef GPIO_InitStruct;
../Src/main.c(822): warning:  #177-D: variable "index" was declared but never referenced
        static uint32_t index =0;
../Src/main.c(823): warning:  #177-D: variable "value" was declared but never referenced
        static uint8_t  value=0;
../Src/main.c(829): warning:  #177-D: variable "dat" was declared but never referenced
        uint8_t dat;
../Src/main.c(957): warning:  #177-D: variable "cmd_buf" was declared but never referenced
        uint8_t cmd_buf[16];
../Src/main.c(958): warning:  #177-D: variable "i" was declared but never referenced
        uint8_t len,i;
../Src/main.c(960): warning:  #177-D: variable "fm_search" was declared but never referenced
        static uint16_t fm_freq_index=0,fm_search=0;
../Src/main.c(1206): warning:  #223-D: function "YXT_Task" declared implicitly
                        YXT_Task(&bike);  
../Src/main.c(1137): warning:  #177-D: variable "cmd_buf" was declared but never referenced
        uint8_t cmd_buf[5];
../Src/main.c(1138): warning:  #177-D: variable "GPIO_InitStruct" was declared but never referenced
        GPIO_InitTypeDef GPIO_InitStruct;
../Src/main.c(1379): warning:  #177-D: variable "sSlaveConfig" was declared but never referenced
        TIM_SlaveConfigTypeDef sSlaveConfig;
../Src/main.c(1380): warning:  #177-D: variable "sMasterConfig" was declared but never referenced
        TIM_MasterConfigTypeDef sMasterConfig;
../Src/main.c(1361): warning:  #177-D: function "MX_IWDG_Init" was declared but never referenced
  static void MX_IWDG_Init(void)
../Src/main.c(174): warning:  #177-D: function "IWDG_Config" was declared but never referenced
  static void IWDG_Config(void)
../Src/main.c: 26 warnings, 0 errors
linking...
Program Size: Code=24376 RO-data=560 RW-data=200 ZI-data=2152  
FromELF: creating hex file...
"PLAYER\PLAYER_014.axf" - 0 Error(s), 26 Warning(s).

<h2>Software Packages used:</h2>

Package Vendor: ARM
                http://www.keil.com/pack/ARM.CMSIS.5.0.0-Beta4.pack
                ARM::CMSIS:CORE:5.0.0
                CMSIS (Cortex Microcontroller Software Interface Standard)
   * Component: CORE Version: 5.0.0

<h2>Collection of Component include folders:</h2>
  M:\HC\Play\Firmware\Player\MDK-ARM\RTE
  C:\Keil_v5\ARM\PACK\ARM\CMSIS\5.0.0-Beta4\CMSIS\Include
  C:\Keil_v5\ARM\PACK\Keil\STM32F0xx_DFP\1.5.0\Device\Include

<h2>Collection of Component Files used:</h2>

   * Component: ARM::CMSIS:CORE:5.0.0
</pre>
</body>
</html>
